---
source: crates/aviutl2-macros/src/module_functions.rs
expression: format_tokens(output)
---
impl MyModule {
    fn my_function() {}
}
::aviutl2::__internal_module! {
    impl ::aviutl2::module::ScriptModuleFunctions for MyModule {
        fn functions() -> Vec<::aviutl2::module::ModuleFunction> {
            let mut functions = Vec::new();
            functions.push(::aviutl2::module::ModuleFunction {
                name: "my_function".to_string(),
                func: <MyModule>::__aviutl2_internal_module_function_my_function,
            });
            functions
        }
    }
    impl MyModule {
        extern "C" fn __aviutl2_internal_module_function_my_function(
            smp: *mut ::aviutl2::sys::module2::SCRIPT_MODULE_PARAM,
        ) {
            let params = ::aviutl2::module::ScriptModuleCallHandle::from_ptr(smp);
            let () = <MyModule>::my_function(&params);
        }
    }
}
