---
source: crates/aviutl2-macros/src/filter_config_items.rs
expression: "rustfmt_wrapper::rustfmt(output).unwrap()"
---
#[automatically_derived]
impl ::aviutl2::filter::FilterConfigItems for Config {
    fn to_config_items() -> Vec<::aviutl2::filter::FilterConfigItem> {
        vec![::aviutl2::filter::FilterConfigItem::Track(
            ::aviutl2::filter::FilterConfigTrack {
                name: "Frequency".to_string(),
                value: 440f64,
                range: 20f64..=20000f64,
                step: ::aviutl2::filter::FilterConfigTrackStep::One,
            },
        )]
    }
    fn from_config_items(items: &[::aviutl2::filter::FilterConfigItem]) -> Self {
        Self {
            frequency: match items[0usize] {
                ::aviutl2::filter::FilterConfigItem::Track(ref track) => (track.value as i32) as _,
                _ => panic!("Expected Track at index {}", 0usize),
            },
        }
    }
}
