---
source: examples/image-rs-input/src/codecs.rs
expression: animation_info
---
AnimationInfo {
    width: 1000,
    height: 1000,
    frame_timings: {
        0.0: 0,
    },
    length_in_seconds: 0.0,
}
